
> wellnexfreq@1.0.0 build
> vite build

[36mvite v7.3.1 [32mbuilding client environment for production...[36m[39m
transforming...
[32mÔ£ô[39m 57 modules transformed.
node.exe : [31mÔ£ù[39m 
Build failed in 741ms
At line:1 char:1
+ & "C:\Program 
Files\nodejs/node.exe" "C:\
Users\Test\AppData\Roaming\
n ...
+ ~~~~~~~~~~~~~~~~~~~~~~~~~
~~~~~~~~~~~~~~~~~~~~~~~~~~~
~~~~~~~~~~~~~~~~~
    + CategoryInfo         
     : NotSpecified: ([3  
  1mÔ£ù[39m Build faile   
 d in 741ms:String) [],    
 RemoteException
    + FullyQualifiedErrorI 
   d : NativeCommandError
 
[31merror during build:
[31m[vite:esbuild] 
Transform failed with 3 
errors:
C:/Users/Test/Desktop/Welln
eXfreQ/src/pages/Home.tsx:8
26:6: ERROR: Unexpected 
closing "div" tag does not 
match opening "motion.div" 
tag
C:/Users/Test/Desktop/Welln
eXfreQ/src/pages/Home.tsx:8
28:0: ERROR: The character 
"}" is not valid inside a 
JSX element
C:/Users/Test/Desktop/Welln
eXfreQ/src/pages/Home.tsx:8
29:0: ERROR: Unexpected 
end of file before a 
closing "div" tag[31m
file: [36mC:/Users/Test/De
sktop/WellneXfreQ/src/pages
/Home.tsx:826:6[31m
[33m
[33mUnexpected closing 
"div" tag does not match 
opening "motion.div" 
tag[33m
824 |        <OrderNow />
825 |        </div>
826 |      </div>
    |        ^
827 |    );
828 |  }

[33mThe character "}" is 
not valid inside a JSX 
element[33m
826 |      </div>
827 |    );
828 |  }
    |  ^
829 |  

[33mUnexpected end of 
file before a closing 
"div" tag[33m
827 |    );
828 |  }
829 |  
    |  ^
[31m
    at failureErrorWithLog 
(C:\Users\Test\Desktop\Well
neXfreQ\node_modules\esbuil
d\lib\main.js:1748:15)
    at C:\Users\Test\Deskto
p\WellneXfreQ\node_modules\
esbuild\lib\main.js:1017:50
    at responseCallbacks.<c
omputed> (C:\Users\Test\Des
ktop\WellneXfreQ\node_modul
es\esbuild\lib\main.js:884:
9)
    at 
handleIncomingPacket (C:\Us
ers\Test\Desktop\WellneXfre
Q\node_modules\esbuild\lib\
main.js:939:12)
    at 
Socket.readFromStdout (C:\U
sers\Test\Desktop\WellneXfr
eQ\node_modules\esbuild\lib
\main.js:862:7)
    at Socket.emit 
(node:events:508:28)
    at addChunk (node:inter
nal/streams/readable:563:12
)
    at readableAddChunkPush
ByteMode (node:internal/str
eams/readable:514:3)
    at Readable.push (node:
internal/streams/readable:3
94:5)
    at Pipe.onStreamRead (n
ode:internal/stream_base_co
mmons:189:23)[39m
